make: 'mandelbrot.out' is up to date.
